..............sss..........FFFF.FFFFFFFFFFFFFFFFFFFFFF.................. [ 15%]
........................................................................ [ 30%]
.................................................................FF..... [ 46%]
........................................................................ [ 61%]
........................................................................ [ 77%]
....s................................................................... [ 92%]
...................................                                      [100%]
================================== FAILURES ===================================
_________ TestDocumentationGenerator.test_kpi_dictionary_returns_list _________
tests\test_analyst_intelligence.py:243: in test_kpi_dictionary_returns_list
    kpis = gen.generate_kpi_dictionary(sample_df, "test_dataset")
E   TypeError: DocumentationGenerator.generate_kpi_dictionary() takes 2 positional arguments but 3 were given
__________ TestDocumentationGenerator.test_data_contract_has_schema ___________
tests\test_analyst_intelligence.py:248: in test_data_contract_has_schema
    contract = gen.generate_data_contract(sample_df, "test_dataset")
E   AttributeError: 'DocumentationGenerator' object has no attribute 'generate_data_contract'
__________ TestDocumentationGenerator.test_changelog_persists_entry ___________
tests\test_analyst_intelligence.py:253: in test_changelog_persists_entry
    gen.log_change("test", "v1.1", "schema", "Added revenue column")
E   AttributeError: 'DocumentationGenerator' object has no attribute 'log_change'
_____ TestDocumentationGenerator.test_lineage_document_has_expected_keys ______
tests\test_analyst_intelligence.py:259: in test_lineage_document_has_expected_keys
    doc = gen.generate_lineage_document("test", "bronze_123", "silver_456", "gold_789")
E   AttributeError: 'DocumentationGenerator' object has no attribute 'generate_lineage_document'. Did you mean: 'generate_lineage_docs'?
________________ TestProblemFraming.test_frames_churn_question ________________
tests\test_analyst_intelligence.py:277: in test_frames_churn_question
    assert "churn" in f.detected_intent
E   AssertionError: assert 'churn' in 'retention_analysis'
E    +  where 'retention_analysis' = FramedProblem(detected_intent='retention_analysis', vague_question='Why are customers churning?', kpi_proposals=[KPICa...ence': 'weekly', 'review_trigger': 'If Churn Rate drops > 10% week-over-week'}, available_columns=[], dataset_id='crm').detected_intent
__________________ TestProblemFraming.test_north_star_is_set __________________
tests\test_analyst_intelligence.py:282: in test_north_star_is_set
    assert f.north_star is not None
E   AttributeError: 'FramedProblem' object has no attribute 'north_star'
________ TestProblemFraming.test_ambiguity_is_higher_for_vague_request ________
tests\test_analyst_intelligence.py:287: in test_ambiguity_is_higher_for_vague_request
    assert vague.ambiguity_score >= specific.ambiguity_score
E   AttributeError: 'FramedProblem' object has no attribute 'ambiguity_score'
_____ TestProblemFraming.test_clarification_questions_generated_for_vague _____
tests\test_analyst_intelligence.py:291: in test_clarification_questions_generated_for_vague
    assert len(f.clarification_questions) > 0
E   AttributeError: 'FramedProblem' object has no attribute 'clarification_questions'
_____________ TestExperimentDesigner.test_design_returns_valid_n ______________
tests\test_analyst_intelligence.py:302: in test_design_returns_valid_n
    d = self._get(tmp_path).design("CTA change", "conversion_rate", 0.10, mde=0.05)
tests\test_analyst_intelligence.py:299: in _get
    return ExperimentDesigner(store_dir=str(tmp_path))
E   TypeError: ExperimentDesigner() takes no arguments
_____________ TestExperimentDesigner.test_design_persists_to_disk _____________
tests\test_analyst_intelligence.py:306: in test_design_persists_to_disk
    self._get(tmp_path).design("Button colour", "clicks", 0.05)
tests\test_analyst_intelligence.py:299: in _get
    return ExperimentDesigner(store_dir=str(tmp_path))
E   TypeError: ExperimentDesigner() takes no arguments
__________ TestExperimentDesigner.test_underpowered_warning_emitted ___________
tests\test_analyst_intelligence.py:311: in test_underpowered_warning_emitted
    d = self._get(tmp_path).design("Test", "clicks", 0.50, mde=0.001, daily_traffic=10)
tests\test_analyst_intelligence.py:299: in _get
    return ExperimentDesigner(store_dir=str(tmp_path))
E   TypeError: ExperimentDesigner() takes no arguments
_________ TestExperimentDesigner.test_runtime_proportional_to_traffic _________
tests\test_analyst_intelligence.py:315: in test_runtime_proportional_to_traffic
    d1 = self._get(tmp_path).design("T1", "clicks", 0.10, daily_traffic=5000)
tests\test_analyst_intelligence.py:299: in _get
    return ExperimentDesigner(store_dir=str(tmp_path))
E   TypeError: ExperimentDesigner() takes no arguments
_____ TestExperimentDesigner.test_validate_result_returns_recommendation ______
tests\test_analyst_intelligence.py:324: in test_validate_result_returns_recommendation
    designer = self._get(tmp_path)
tests\test_analyst_intelligence.py:299: in _get
    return ExperimentDesigner(store_dir=str(tmp_path))
E   TypeError: ExperimentDesigner() takes no arguments
___________ TestMentorshipEngine.test_select_star_triggers_warning ____________
tests\test_analyst_intelligence.py:340: in test_select_star_triggers_warning
    assert r.warnings > 0 or r.blockers > 0
E   AttributeError: 'dict' object has no attribute 'warnings'
_______________ TestMentorshipEngine.test_drop_table_is_blocker _______________
tests\test_analyst_intelligence.py:344: in test_drop_table_is_blocker
    assert r.blockers > 0 and not r.approved
E   AttributeError: 'dict' object has no attribute 'blockers'
______________ TestMentorshipEngine.test_safe_query_scores_high _______________
tests\test_analyst_intelligence.py:348: in test_safe_query_scores_high
    assert r.score >= 70
E   AttributeError: 'dict' object has no attribute 'score'
________ TestMentorshipEngine.test_causation_language_triggers_blocker ________
tests\test_analyst_intelligence.py:351: in test_causation_language_triggers_blocker
    r = self._get().review_interpretation(
E   AttributeError: 'MentorshipEngine' object has no attribute 'review_interpretation'
___ TestMentorshipEngine.test_nonsignificant_significance_claim_is_blocker ____
tests\test_analyst_intelligence.py:358: in test_nonsignificant_significance_claim_is_blocker
    r = self._get().review_interpretation("Results are significant", p_value=0.20)
E   AttributeError: 'MentorshipEngine' object has no attribute 'review_interpretation'
_______ TestMentorshipEngine.test_signoff_fails_without_required_field ________
tests\test_analyst_intelligence.py:362: in test_signoff_fails_without_required_field
    r = self._get().sign_off({"dataset_id": "test"})
E   AttributeError: 'MentorshipEngine' object has no attribute 'sign_off'
____________ TestMentorshipEngine.test_signoff_passes_good_report _____________
tests\test_analyst_intelligence.py:370: in test_signoff_passes_good_report
    r = self._get().sign_off(report)
E   AttributeError: 'MentorshipEngine' object has no attribute 'sign_off'
______________ TestRLOptimizer.test_propose_returns_n_proposals _______________
tests\test_analyst_intelligence.py:382: in test_propose_returns_n_proposals
    rl  = self._get(tmp_path)
tests\test_analyst_intelligence.py:379: in _get
    return RLOptimizer(store_path=str(tmp_path))
E   TypeError: AnalystRLOptimizer.__init__() got an unexpected keyword argument 'store_path'
_______________ TestRLOptimizer.test_proposal_is_advisory_only ________________
tests\test_analyst_intelligence.py:387: in test_proposal_is_advisory_only
    rl    = self._get(tmp_path)
tests\test_analyst_intelligence.py:379: in _get
    return RLOptimizer(store_path=str(tmp_path))
E   TypeError: AnalystRLOptimizer.__init__() got an unexpected keyword argument 'store_path'
_____________ TestRLOptimizer.test_record_outcome_updates_weights _____________
tests\test_analyst_intelligence.py:392: in test_record_outcome_updates_weights
    rl    = self._get(tmp_path)
tests\test_analyst_intelligence.py:379: in _get
    return RLOptimizer(store_path=str(tmp_path))
E   TypeError: AnalystRLOptimizer.__init__() got an unexpected keyword argument 'store_path'
_________ TestRLOptimizer.test_hard_gate_fires_on_critical_null_rate __________
tests\test_analyst_intelligence.py:400: in test_hard_gate_fires_on_critical_null_rate
    rl  = self._get(tmp_path)
tests\test_analyst_intelligence.py:379: in _get
    return RLOptimizer(store_path=str(tmp_path))
E   TypeError: AnalystRLOptimizer.__init__() got an unexpected keyword argument 'store_path'
____________ TestRLOptimizer.test_hard_gate_fires_on_checksum_fail ____________
tests\test_analyst_intelligence.py:405: in test_hard_gate_fires_on_checksum_fail
    rl  = self._get(tmp_path)
tests\test_analyst_intelligence.py:379: in _get
    return RLOptimizer(store_path=str(tmp_path))
E   TypeError: AnalystRLOptimizer.__init__() got an unexpected keyword argument 'store_path'
____________ TestRLOptimizer.test_top_strategies_sorted_descending ____________
tests\test_analyst_intelligence.py:410: in test_top_strategies_sorted_descending
    rl  = self._get(tmp_path)
tests\test_analyst_intelligence.py:379: in _get
    return RLOptimizer(store_path=str(tmp_path))
E   TypeError: AnalystRLOptimizer.__init__() got an unexpected keyword argument 'store_path'
_ TestLLMProviderGovernance.test_verified_result_contains_confidence_keyword __
tests\test_llm_governance.py:57: in test_verified_result_contains_confidence_keyword
    provider = LLMProvider(config={})
E   TypeError: LLMProvider() takes no arguments
____ TestLLMProviderGovernance.test_fallback_summary_does_not_need_api_key ____
tests\test_llm_governance.py:75: in test_fallback_summary_does_not_need_api_key
    provider = LLMProvider(config=config)
E   TypeError: LLMProvider() takes no arguments
============================== warnings summary ===============================
tests/test_analyst_intelligence.py::TestMidAnalyst::test_segmentation_clustering_adds_segment
  C:\Users\sankl\anaconda3\Lib\site-packages\sklearn\cluster\_kmeans.py:1429: UserWarning: KMeans is known to have a memory leak on Windows with MKL, when there are less chunks than available threads. You can avoid it by setting the environment variable OMP_NUM_THREADS=1.
    warnings.warn(

tests/test_api.py::TestSystemEndpoints::test_root
  C:\Users\sankl\anaconda3\Lib\site-packages\pydantic\_internal\_fields.py:161: UserWarning: Field "model_type" has conflict with protected namespace "model_".
  
  You may be able to resolve this warning by setting `model_config['protected_namespaces'] = ()`.
    warnings.warn(

tests/test_api.py::TestSystemEndpoints::test_root
  C:\Users\sankl\anaconda3\Lib\site-packages\pydantic\_internal\_fields.py:161: UserWarning: Field "model_name" has conflict with protected namespace "model_".
  
  You may be able to resolve this warning by setting `model_config['protected_namespaces'] = ()`.
    warnings.warn(

tests/test_ml_components.py: 7 warnings
tests/test_universal_intake.py: 7 warnings
  C:\Users\sankl\anaconda3\Lib\site-packages\sklearn\base.py:376: InconsistentVersionWarning: Trying to unpickle estimator LabelEncoder from version 1.6.1 when using version 1.5.1. This might lead to breaking code or invalid results. Use at your own risk. For more info please refer to:
  https://scikit-learn.org/stable/model_persistence.html#security-maintainability-limitations
    warnings.warn(

tests/test_ml_components.py::TestNLPQuery::test_top_n_intent
tests/test_ml_components.py::TestNLPQuery::test_aggregate_intent
tests/test_ml_components.py::TestNLPQuery::test_filter_intent
tests/test_ml_components.py::TestNLPQuery::test_trend_intent
tests/test_ml_components.py::TestNLPQuery::test_execute_top_n
  C:\Users\sankl\anaconda3\Lib\site-packages\sklearn\base.py:376: InconsistentVersionWarning: Trying to unpickle estimator TfidfVectorizer from version 1.6.1 when using version 1.5.1. This might lead to breaking code or invalid results. Use at your own risk. For more info please refer to:
  https://scikit-learn.org/stable/model_persistence.html#security-maintainability-limitations
    warnings.warn(

tests/test_ml_components.py::TestNLPQuery::test_top_n_intent
tests/test_ml_components.py::TestNLPQuery::test_aggregate_intent
tests/test_ml_components.py::TestNLPQuery::test_filter_intent
tests/test_ml_components.py::TestNLPQuery::test_trend_intent
tests/test_ml_components.py::TestNLPQuery::test_execute_top_n
  C:\Users\sankl\anaconda3\Lib\site-packages\sklearn\base.py:376: InconsistentVersionWarning: Trying to unpickle estimator LinearSVC from version 1.6.1 when using version 1.5.1. This might lead to breaking code or invalid results. Use at your own risk. For more info please refer to:
  https://scikit-learn.org/stable/model_persistence.html#security-maintainability-limitations
    warnings.warn(

tests/test_ml_components.py::TestNLPQuery::test_top_n_intent
tests/test_ml_components.py::TestNLPQuery::test_aggregate_intent
tests/test_ml_components.py::TestNLPQuery::test_filter_intent
tests/test_ml_components.py::TestNLPQuery::test_trend_intent
tests/test_ml_components.py::TestNLPQuery::test_execute_top_n
  C:\Users\sankl\anaconda3\Lib\site-packages\sklearn\base.py:376: InconsistentVersionWarning: Trying to unpickle estimator Pipeline from version 1.6.1 when using version 1.5.1. This might lead to breaking code or invalid results. Use at your own risk. For more info please refer to:
  https://scikit-learn.org/stable/model_persistence.html#security-maintainability-limitations
    warnings.warn(

tests/test_ml_components.py::TestNLPQuery::test_top_n_intent
tests/test_ml_components.py::TestNLPQuery::test_aggregate_intent
tests/test_ml_components.py::TestNLPQuery::test_filter_intent
tests/test_ml_components.py::TestNLPQuery::test_trend_intent
tests/test_ml_components.py::TestNLPQuery::test_execute_top_n
  C:\Users\sankl\anaconda3\Lib\site-packages\sklearn\base.py:376: InconsistentVersionWarning: Trying to unpickle estimator TfidfTransformer from version 1.6.1 when using version 1.5.1. This might lead to breaking code or invalid results. Use at your own risk. For more info please refer to:
  https://scikit-learn.org/stable/model_persistence.html#security-maintainability-limitations
    warnings.warn(

tests/test_ml_components.py::TestNLPQuery::test_top_n_intent
tests/test_ml_components.py::TestNLPQuery::test_aggregate_intent
tests/test_ml_components.py::TestNLPQuery::test_filter_intent
tests/test_ml_components.py::TestNLPQuery::test_trend_intent
tests/test_ml_components.py::TestNLPQuery::test_execute_top_n
  C:\Users\sankl\anaconda3\Lib\site-packages\sklearn\base.py:376: InconsistentVersionWarning: Trying to unpickle estimator IsotonicRegression from version 1.6.1 when using version 1.5.1. This might lead to breaking code or invalid results. Use at your own risk. For more info please refer to:
  https://scikit-learn.org/stable/model_persistence.html#security-maintainability-limitations
    warnings.warn(

tests/test_ml_components.py::TestNLPQuery::test_top_n_intent
tests/test_ml_components.py::TestNLPQuery::test_aggregate_intent
tests/test_ml_components.py::TestNLPQuery::test_filter_intent
tests/test_ml_components.py::TestNLPQuery::test_trend_intent
tests/test_ml_components.py::TestNLPQuery::test_execute_top_n
  C:\Users\sankl\anaconda3\Lib\site-packages\sklearn\base.py:376: InconsistentVersionWarning: Trying to unpickle estimator CalibratedClassifierCV from version 1.6.1 when using version 1.5.1. This might lead to breaking code or invalid results. Use at your own risk. For more info please refer to:
  https://scikit-learn.org/stable/model_persistence.html#security-maintainability-limitations
    warnings.warn(

tests/test_pipeline.py::TestStatisticalVerifier::test_regression_verification_runs
  C:\Users\sankl\anaconda3\Lib\site-packages\scipy\stats\_axis_nan_policy.py:531: UserWarning: scipy.stats.shapiro: Input data has range zero. The results may not be accurate.
    res = hypotest_fun_out(*samples, **kwds)

tests/test_proposal_layer.py::test_window_proposer
  C:\Users\sankl\Desktop\dipex\tests\test_proposal_layer.py:109: FutureWarning: 'T' is deprecated and will be removed in a future version, please use 'min' instead.
    df["event_time"] = pd.date_range("2024-01-01", periods=len(df), freq="T")

tests/test_universal_intake.py: 11 warnings
  C:\Users\sankl\Desktop\dipex\ingestion\normaliser.py:176: UserWarning: Could not infer format, so each element will be parsed individually, falling back to `dateutil`. To ensure parsing is consistent and as-expected, please specify a format.
    converted = pd.to_datetime(df[col], errors="coerce", utc=True)

tests/test_universal_intake.py::TestChaosIngestion::test_corrupt_binary_file_raises_encoding_error_or_format_error
  C:\Users\sankl\Desktop\dipex\ingestion\readers\file_reader.py:227: ParserWarning: Skipping line 3: expected 1 fields, saw 2
  Skipping line 5: expected 1 fields, saw 2
  Skipping line 7: expected 1 fields, saw 2
  Skipping line 9: expected 1 fields, saw 2
  Skipping line 11: expected 1 fields, saw 2
  Skipping line 13: expected 1 fields, saw 2
  Skipping line 15: expected 1 fields, saw 2
  Skipping line 17: expected 1 fields, saw 2
  Skipping line 19: expected 1 fields, saw 2
  Skipping line 21: expected 1 fields, saw 2
  
    for i, chunk in enumerate(reader):

-- Docs: https://docs.pytest.org/en/stable/how-to/capture-warnings.html
=========================== short test summary info ===========================
FAILED tests/test_analyst_intelligence.py::TestDocumentationGenerator::test_kpi_dictionary_returns_list
FAILED tests/test_analyst_intelligence.py::TestDocumentationGenerator::test_data_contract_has_schema
FAILED tests/test_analyst_intelligence.py::TestDocumentationGenerator::test_changelog_persists_entry
FAILED tests/test_analyst_intelligence.py::TestDocumentationGenerator::test_lineage_document_has_expected_keys
FAILED tests/test_analyst_intelligence.py::TestProblemFraming::test_frames_churn_question
FAILED tests/test_analyst_intelligence.py::TestProblemFraming::test_north_star_is_set
FAILED tests/test_analyst_intelligence.py::TestProblemFraming::test_ambiguity_is_higher_for_vague_request
FAILED tests/test_analyst_intelligence.py::TestProblemFraming::test_clarification_questions_generated_for_vague
FAILED tests/test_analyst_intelligence.py::TestExperimentDesigner::test_design_returns_valid_n
FAILED tests/test_analyst_intelligence.py::TestExperimentDesigner::test_design_persists_to_disk
FAILED tests/test_analyst_intelligence.py::TestExperimentDesigner::test_underpowered_warning_emitted
FAILED tests/test_analyst_intelligence.py::TestExperimentDesigner::test_runtime_proportional_to_traffic
FAILED tests/test_analyst_intelligence.py::TestExperimentDesigner::test_validate_result_returns_recommendation
FAILED tests/test_analyst_intelligence.py::TestMentorshipEngine::test_select_star_triggers_warning
FAILED tests/test_analyst_intelligence.py::TestMentorshipEngine::test_drop_table_is_blocker
FAILED tests/test_analyst_intelligence.py::TestMentorshipEngine::test_safe_query_scores_high
FAILED tests/test_analyst_intelligence.py::TestMentorshipEngine::test_causation_language_triggers_blocker
FAILED tests/test_analyst_intelligence.py::TestMentorshipEngine::test_nonsignificant_significance_claim_is_blocker
FAILED tests/test_analyst_intelligence.py::TestMentorshipEngine::test_signoff_fails_without_required_field
FAILED tests/test_analyst_intelligence.py::TestMentorshipEngine::test_signoff_passes_good_report
FAILED tests/test_analyst_intelligence.py::TestRLOptimizer::test_propose_returns_n_proposals
FAILED tests/test_analyst_intelligence.py::TestRLOptimizer::test_proposal_is_advisory_only
FAILED tests/test_analyst_intelligence.py::TestRLOptimizer::test_record_outcome_updates_weights
FAILED tests/test_analyst_intelligence.py::TestRLOptimizer::test_hard_gate_fires_on_critical_null_rate
FAILED tests/test_analyst_intelligence.py::TestRLOptimizer::test_hard_gate_fires_on_checksum_fail
FAILED tests/test_analyst_intelligence.py::TestRLOptimizer::test_top_strategies_sorted_descending
FAILED tests/test_llm_governance.py::TestLLMProviderGovernance::test_verified_result_contains_confidence_keyword
FAILED tests/test_llm_governance.py::TestLLMProviderGovernance::test_fallback_summary_does_not_need_api_key
28 failed, 435 passed, 4 skipped, 61 warnings in 44.21s
